D:\Ra162-2015\LPRS2-Zelda\battle_city_design\implementation\battle_city.ngc 1527231874
D:/Ra162-2015/LPRS2-Zelda/battle_city_design/implementation/battle_city_io_periph_wrapper.ngc 1527231842
D:/Ra162-2015/LPRS2-Zelda/battle_city_design/implementation/battle_city_proc_sys_reset_0_wrapper.ngc 1527231745
D:/Ra162-2015/LPRS2-Zelda/battle_city_design/implementation/battle_city_clock_generator_0_wrapper.ngc 1527231856
D:/Ra162-2015/LPRS2-Zelda/battle_city_design/implementation/battle_city_battle_city_periph_0_wrapper.ngc 1527231835
D:/Ra162-2015/LPRS2-Zelda/battle_city_design/implementation/battle_city_microblaze_0_ilmb_wrapper.ngc 1527231848
D:/Ra162-2015/LPRS2-Zelda/battle_city_design/implementation/battle_city_microblaze_0_dlmb_wrapper.ngc 1527231850
D:/Ra162-2015/LPRS2-Zelda/battle_city_design/implementation/battle_city_axi4lite_0_wrapper.ngc 1527231859
D:/Ra162-2015/LPRS2-Zelda/battle_city_design/implementation/battle_city_microblaze_0_wrapper.ngc 1527231853
D:/Ra162-2015/LPRS2-Zelda/battle_city_design/implementation/battle_city_microblaze_0_i_bram_ctrl_wrapper.ngc 1527231756
D:/Ra162-2015/LPRS2-Zelda/battle_city_design/implementation/battle_city_microblaze_0_d_bram_ctrl_wrapper.ngc 1527231766
D:/Ra162-2015/LPRS2-Zelda/battle_city_design/implementation/battle_city_debug_module_wrapper.ngc 1527231808
D:/Ra162-2015/LPRS2-Zelda/battle_city_design/implementation/battle_city_microblaze_0_bram_block_wrapper.ngc 1527231773
OK
