D:\ra22-2015\LPRS2-Zelda\battle_city_design\implementation\battle_city.ngc 1527154353
D:/ra22-2015/LPRS2-Zelda/battle_city_design/implementation/battle_city_io_periph_wrapper.ngc 1527154326
D:/ra22-2015/LPRS2-Zelda/battle_city_design/implementation/battle_city_proc_sys_reset_0_wrapper.ngc 1527154242
D:/ra22-2015/LPRS2-Zelda/battle_city_design/implementation/battle_city_clock_generator_0_wrapper.ngc 1527154337
D:/ra22-2015/LPRS2-Zelda/battle_city_design/implementation/battle_city_battle_city_periph_0_wrapper.ngc 1527154320
D:/ra22-2015/LPRS2-Zelda/battle_city_design/implementation/battle_city_microblaze_0_ilmb_wrapper.ngc 1527154329
D:/ra22-2015/LPRS2-Zelda/battle_city_design/implementation/battle_city_microblaze_0_dlmb_wrapper.ngc 1527154332
D:/ra22-2015/LPRS2-Zelda/battle_city_design/implementation/battle_city_axi4lite_0_wrapper.ngc 1527154340
D:/ra22-2015/LPRS2-Zelda/battle_city_design/implementation/battle_city_microblaze_0_wrapper.ngc 1527154335
D:/ra22-2015/LPRS2-Zelda/battle_city_design/implementation/battle_city_microblaze_0_i_bram_ctrl_wrapper.ngc 1527154251
D:/ra22-2015/LPRS2-Zelda/battle_city_design/implementation/battle_city_microblaze_0_d_bram_ctrl_wrapper.ngc 1527154260
D:/ra22-2015/LPRS2-Zelda/battle_city_design/implementation/battle_city_debug_module_wrapper.ngc 1527154295
D:/ra22-2015/LPRS2-Zelda/battle_city_design/implementation/battle_city_microblaze_0_bram_block_wrapper.ngc 1527154266
OK
